// Jest Snapshot v1, https://goo.gl/fbAQLP

exports[`Controlled With previewVisible 1`] = `
<div
  aria-modal="true"
  class="rc-image-preview"
  role="dialog"
  style="display: none;"
>
  <div
    aria-hidden="true"
    style="width: 0px; height: 0px; overflow: hidden; outline: none;"
    tabindex="0"
  />
  <div
    class="rc-image-preview-content"
  >
    <div
      class="rc-image-preview-body"
    >
      <div
        class="rc-image-preview-img-wrapper"
      >
        <img
          class="rc-image-preview-img"
          src="https://zos.alipayobjects.com/rmsportal/jkjgkEfvpUPVyRjUImniVslZfWPnJuuZ.png"
          style="transform: translate3d(0px, 0px, 0) scale3d(1, 1, 1) rotate(0deg);"
        />
      </div>
      <div
        class="rc-image-preview-operations-wrapper"
      >
        <ul
          class="rc-image-preview-operations"
        >
          <li
            class="rc-image-preview-operations-operation rc-image-preview-operations-operation-close"
          />
          <li
            class="rc-image-preview-operations-operation rc-image-preview-operations-operation-zoomIn"
          />
          <li
            class="rc-image-preview-operations-operation rc-image-preview-operations-operation-zoomOut rc-image-preview-operations-operation-disabled"
          />
          <li
            class="rc-image-preview-operations-operation rc-image-preview-operations-operation-rotateRight"
          />
          <li
            class="rc-image-preview-operations-operation rc-image-preview-operations-operation-rotateLeft"
          />
          <li
            class="rc-image-preview-operations-operation rc-image-preview-operations-operation-flipX"
          />
          <li
            class="rc-image-preview-operations-operation rc-image-preview-operations-operation-flipY"
          />
        </ul>
      </div>
    </div>
  </div>
  <div
    aria-hidden="true"
    style="width: 0px; height: 0px; overflow: hidden; outline: none;"
    tabindex="0"
  />
</div>
`;
